
# 创建一个raidz类型的存储池(名称为bucket）
$ zpool create zroot raidz1 gpt/zfs0 gpt/zfs1 gpt/zfs2

# 列出所有存储池
$ zpool list
NAME    SIZE  ALLOC   FREE  EXPANDSZ   FRAG    CAP  DEDUP  HEALTH  ALTROOT
zroot   141G   106G  35.2G         -    43%    75%  1.00x  ONLINE  -

# 列出某一存储池的详细信息
$ zpool list -v zroot
NAME                                     SIZE  ALLOC   FREE  EXPANDSZ   FRAG    CAP  DEDUP HEALTH  ALTROOT
zroot                                    141G   106G  35.2G         -    43%    75%  1.00x ONLINE  -
  gptid/c92a5ccf-a5bb-11e4-a77d-001b2172c655   141G   106G  35.2G         -    43%    75%

# 获取全部zpool状态信息
$ zpool status
  pool: zroot
 state: ONLINE
  scan: scrub repaired 0 in 2h51m with 0 errors on Thu Oct  1 07:08:31 2015
config:

        NAME                                          STATE     READ WRITE CKSUM
        zroot                                         ONLINE       0     0     0
          gptid/c92a5ccf-a5bb-11e4-a77d-001b2172c655  ONLINE       0     0     0

errors: No known data errors

# 用scrub来更正存储池错误信息
$ zpool scrub zroot
$ zpool status -v zroot
  pool: zroot
 state: ONLINE
  scan: scrub in progress since Thu Oct 15 16:59:14 2015
        39.1M scanned out of 106G at 1.45M/s, 20h47m to go
        0 repaired, 0.04% done
config:

        NAME                                          STATE     READ WRITE CKSUM
        zroot                                         ONLINE       0     0     0
          gptid/c92a5ccf-a5bb-11e4-a77d-001b2172c655  ONLINE       0     0     0

errors: No known data errors

# 获取某一存储池的全部属性。属性可能是系统提供，也可能是用户设置
$ zpool get all zroot
NAME   PROPERTY                       VALUE                          SOURCE
zroot  size                           141G                           -
zroot  capacity                       75%                            -
zroot  altroot                        -                              default
zroot  health                         ONLINE                         -
...

# 设置存储池属性，下例这是设置comment(备注)属性
$ zpool set comment="Storage of mah stuff" zroot
$ zpool get comment
NAME   PROPERTY  VALUE                 SOURCE
tank   comment   -                     default
zroot  comment   Storage of mah stuff  local

$ zpool destroy test

# 创建数据集
$ zfs create zroot/root/data
$ mount | grep data
zroot/root/data on /data (zfs, local, nfsv4acls)

# 创建子数据集
$ zfs create zroot/root/data/stuff
$ mount | grep data
zroot/root/data on /data (zfs, local, nfsv4acls)
zroot/root/data/stuff on /data/stuff (zfs, local, nfsv4acls)


# 创建卷
$ zfs create -V zroot/win_vm
$ zfs list zroot/win_vm
NAME                 USED  AVAIL  REFER  MOUNTPOINT
zroot/win_vm         4.13G  17.9G    64K  -

# 列出所有数据集
$ zfs list
NAME                                                                       USED  AVAIL  REFER  MOUNTPOINT
zroot                                                                      106G  30.8G   144K  none
zroot/ROOT                                                                18.5G  30.8G   144K  none
zroot/ROOT/10.1                                                              8K  30.8G  9.63G  /
zroot/ROOT/default                                                        18.5G  30.8G  11.2G  /
zroot/backup                                                              5.23G  30.8G   144K  none
zroot/home                                                                 288K  30.8G   144K  none
...

# 列举某一数据集的信息
$ zfs list zroot/home
NAME         USED  AVAIL  REFER  MOUNTPOINT
zroot/home   288K  30.8G   144K  none

# 列出快照
$ zfs list -t snapshot
zroot@daily-2015-10-15                                                                  0      -   144K  -
zroot/ROOT@daily-2015-10-15                                                             0      -   144K  -
zroot/ROOT/default@daily-2015-10-15                                                     0      -  24.2G  -
zroot/tmp@daily-2015-10-15                                                           124K      -   708M  -
zroot/usr@daily-2015-10-15                                                              0      -   144K  -
zroot/home@daily-2015-10-15                                                             0      -  11.9G  -
zroot/var@daily-2015-10-15                                                           704K      -  1.42G  -
zroot/var/log@daily-2015-10-15                                                       192K      -   828K  -
zroot/var/tmp@daily-2015-10-15                                                          0      -   152K  -

$ zfs rename zroot/root/home zroot/root/old_home
$ zfs rename zroot/root/new_home zroot/root/home

# 数据集如果有快照则无法删除
$ zfs destroy zroot/root/home

# 获取数据集全部属性
$ zfs get all zroot/usr/home
NAME            PROPERTY              VALUE                  SOURCE
zroot/home      type                  filesystem             -
zroot/home      creation              Mon Oct 20 14:44 2014  -
zroot/home      used                  11.9G                  -
zroot/home      available             94.1G                  -
zroot/home      referenced            11.9G                  -
zroot/home      mounted               yes                    -
...

# 获取数据集属性
$ zfs get compression zroot/usr/home
NAME            PROPERTY     VALUE     SOURCE
zroot/home      compression  off       default

# 设置数据集属性（下例为设置压缩属性compression）
$ zfs set compression=gzip-9 mypool/lamb

# 列举所有数据集的名称、配额和预留属性
$ zfs list -o name,quota,reservation
NAME                                                               QUOTA  RESERV
zroot                                                               none    none
zroot/ROOT                                                          none    none
zroot/ROOT/default                                                  none    none
zroot/tmp                                                           none    none
zroot/usr                                                           none    none
zroot/home                                                          none    none
zroot/var                                                           none    none
...

# 为单一数据集创建快照
zfs snapshot zroot/home/sarlalian@now

# 为数据集及其子集创建快照
$ zfs snapshot -r zroot/home@now
$ zfs list -t snapshot
NAME                       USED  AVAIL  REFER  MOUNTPOINT
zroot/home@now                 0      -    26K  -
zroot/home/sarlalian@now       0      -   259M  -
zroot/home/alice@now           0      -   156M  -
zroot/home/bob@now             0      -   156M  -
...

# 如何删除快照
$ zfs destroy zroot/home/sarlalian@now

# 删除某一数据集及其子集的快照
$ zfs destroy -r zroot/home/sarlalian@now

# 重命名快照
$ zfs rename zroot/home/sarlalian@now zroot/home/sarlalian@today
$ zfs rename zroot/home/sarlalian@now today

$ zfs rename -r zroot/home@now @yesterday

# cd进入一个快照目录
$ cd /home/.zfs/snapshot/

# 备份快照到一个文件
$ zfs send zroot/home/sarlalian@now | gzip > backup_file.gz

# 发送快照到另一个数据集
$ zfs send zroot/home/sarlalian@now | zfs recv backups/home/sarlalian

# 发送快照到一个远程主机
$ zfs send zroot/home/sarlalian@now | ssh root@backup_server 'zfs recv zroot/home/sarlalian'

# 发送完整数据集及其快照到一个新主机
$ zfs send -v -R zroot/home@now | ssh root@backup_server 'zfs recv zroot/home'

# 克隆一个快照
$ zfs clone zroot/home/sarlalian@now zroot/home/sarlalian_new

# 提升克隆，让它不再依赖原始快照
$ zfs promote zroot/home/sarlalian_new

#!/bin/sh

echo "==== Stopping the staging database server ===="
jail -r staging

echo "==== Cleaning up existing staging server and snapshot ===="
zfs destroy -r zroot/jails/staging
zfs destroy zroot/jails/slave@staging

echo "==== Quiescing the slave database ===="
echo "FLUSH TABLES WITH READ LOCK;" | /usr/local/bin/mysql -u root -pmyrootpassword -h slave

echo "==== Snapshotting the slave db filesystem as zroot/jails/slave@staging ===="
zfs snapshot zroot/jails/slave@staging

echo "==== Starting the slave database server ===="
jail -c slave

echo "==== Cloning the slave snapshot to the staging server ===="
zfs clone zroot/jails/slave@staging zroot/jails/staging

echo "==== Installing the staging mysql config ===="
mv /jails/staging/usr/local/etc/my.cnf /jails/staging/usr/local/etc/my.cnf.slave
cp /jails/staging/usr/local/etc/my.cnf.staging /jails/staging/usr/local/etc/my.cnf

echo "==== Setting up the staging rc.conf file ===="
mv /jails/staging/etc/rc.conf.local /jails/staging/etc/rc.conf.slave
mv /jails/staging/etc/rc.conf.staging /jails/staging/etc/rc.conf.local

echo "==== Starting the staging db server ===="
jail -c staging

echo "==== Makes the staging database not pull from the master ===="
echo "STOP SLAVE;" | /usr/local/bin/mysql -u root -pmyrootpassword -h staging
echo "RESET SLAVE;" | /usr/local/bin/mysql -u root -pmyrootpassword -h staging

